(
{fin1, nonTermState, p, q, r, s},
{'''', ')', 'a', 'b', '}', 'č'},
{
p '''' -> q,
q 'a' -> r,
q '}' -> r,
r '' -> s,
r 'a' -> r,
s 'č' -> p
},
r,
{fin1, r, s}
)