(
{f, s},
{'	', '
', '''', '(', ')', ',', '-', '.', '>', '{', '|', '}'},
{
s '	' -> f,
s '
' -> f,
s '''' -> f,
s '(' -> f,
s ')' -> f,
s ',' -> f,
s '-' -> f,
s '.' -> f,
s '>' -> f,
s '{' -> f,
s '|' -> f,
s '}' -> f
},
s,
{f}
)