(
{f, q1, q2, s},
{'a'},
{
q1 'a' -> f,
q2 'a' -> f,
s 'a' -> f
},
s,
{f}
)