(
{s1, s1_s3, s2_s3, s3_s4, s4},
{'a', 'b', 'c'},
{
s1 'a' -> s2_s3,
s1_s3 'a' -> s2_s3,
s2_s3 'b' -> s1_s3,
s2_s3 'c' -> s4,
s3_s4 'c' -> s3_s4,
s4 'c' -> s3_s4
},
s1,
{s3_s4, s4}
)