(
{s0, s0_s2_s3, s2_s3},
{'a', 'b'},
{
s0 'a' -> s0_s2_s3,
s0 'b' -> s2_s3,
s0_s2_s3 'a' -> s0_s2_s3,
s0_s2_s3 'b' -> s2_s3,
s2_s3 'b' -> s2_s3
},
s0,
{s0_s2_s3, s2_s3}
)