(
{S2_s1, S2_s1_s3, S2_s1_s4, S2_s3, S2_s3_s4, s0, s4},
{'a', 'b'},
{
S2_s1 'a' -> S2_s1,
S2_s1 'b' -> S2_s3_s4,
S2_s1_s3 'a' -> S2_s1_s4,
S2_s1_s3 'b' -> S2_s3_s4,
S2_s1_s4 'a' -> S2_s1,
S2_s1_s4 'b' -> S2_s3_s4,
S2_s3 'a' -> s4,
S2_s3 'b' -> S2_s3_s4,
S2_s3_s4 'a' -> s4,
S2_s3_s4 'b' -> S2_s3_s4,
s0 'a' -> S2_s1_s3,
s0 'b' -> S2_s3
},
s0,
{S2_s1, S2_s1_s3, S2_s1_s4}
)