(
{p, q, r},
{'''', ')', 'a', 'b', '{', 'č'},
{
p '''' -> q,
q 'a' -> r,
q '{' -> r,
r 'a' -> r,
r 'č' -> p
},
r,
{r}
)