(
{f, q1, q2, s},
{'a', 'b', 'c'},
{
f 'a' -> f,
q1 'b' -> f,
q1 'b' -> q1,
q2 'c' -> f,
q2 'c' -> q2,
s 'a' -> s,
s 'b' -> f,
s 'b' -> q1,
s 'c' -> f,
s 'c' -> q2
},
s,
{f}
)