(
{s0, s12, s17, s17_s38, s19, s21, s21_s5, s31, s31_s49, s35, s38, s43, s43_s51, s45, s45_s54, s48, s9},
{'a', 'b', 'c', 'd', 'x', 'y', 'z'},
{
s0 'a' -> s9,
s0 'b' -> s17,
s0 'c' -> s21,
s0 'x' -> s12,
s12 'a' -> s9,
s12 'b' -> s17,
s12 'c' -> s21,
s12 'x' -> s12,
s17 'a' -> s31_s49,
s17 'b' -> s17_s38,
s17 'c' -> s21,
s17 'd' -> s35,
s17 'x' -> s43,
s17 'y' -> s45,
s17 'z' -> s48,
s17_s38 'a' -> s31_s49,
s17_s38 'b' -> s17_s38,
s17_s38 'c' -> s21,
s17_s38 'd' -> s35,
s17_s38 'x' -> s43,
s17_s38 'y' -> s45,
s17_s38 'z' -> s48,
s19 'a' -> s31_s49,
s19 'b' -> s17_s38,
s19 'c' -> s21,
s19 'd' -> s35,
s19 'x' -> s43,
s19 'y' -> s45,
s19 'z' -> s48,
s21 'c' -> s21,
s21 'd' -> s19,
s21_s5 'a' -> s9,
s21_s5 'b' -> s17,
s21_s5 'c' -> s21,
s21_s5 'd' -> s19,
s21_s5 'x' -> s12,
s31 'a' -> s31_s49,
s31 'b' -> s38,
s31 'd' -> s35,
s31 'x' -> s43,
s31 'y' -> s45,
s31 'z' -> s48,
s31_s49 'a' -> s31_s49,
s31_s49 'b' -> s38,
s31_s49 'd' -> s35,
s31_s49 'x' -> s43_s51,
s31_s49 'y' -> s45_s54,
s31_s49 'z' -> s48,
s35 'a' -> s31,
s38 'a' -> s31,
s38 'b' -> s38,
s43 'a' -> s31_s49,
s43 'b' -> s38,
s43 'd' -> s35,
s43 'x' -> s43,
s43 'y' -> s45,
s43 'z' -> s48,
s43_s51 'a' -> s31_s49,
s43_s51 'b' -> s38,
s43_s51 'd' -> s35,
s43_s51 'x' -> s43_s51,
s43_s51 'y' -> s45_s54,
s43_s51 'z' -> s48,
s45 'a' -> s31_s49,
s45 'b' -> s38,
s45 'd' -> s35,
s45 'x' -> s43,
s45 'y' -> s45,
s45 'z' -> s48,
s45_s54 'a' -> s31_s49,
s45_s54 'b' -> s38,
s45_s54 'd' -> s35,
s45_s54 'x' -> s43,
s45_s54 'y' -> s45_s54,
s45_s54 'z' -> s48,
s48 'a' -> s31_s49,
s48 'b' -> s38,
s48 'd' -> s35,
s48 'x' -> s43,
s48 'y' -> s45,
s48 'z' -> s48,
s9 'a' -> s9,
s9 'b' -> s17,
s9 'c' -> s21_s5,
s9 'x' -> s12
},
s0,
{s17, s17_s38, s19, s31, s31_s49, s43, s43_s51, s45, s45_s54, s48}
)