(
{s0, s1, s10, s11, s12, s13, s14, s15, s16, s17, s18, s19, s2, s20, s21, s22, s23, s24, s25, s26, s27, s28, s29, s3, s30, s31, s32, s33, s34, s35, s36, s37, s38, s39, s4, s40, s41, s42, s43, s44, s45, s46, s47, s48, s49, s5, s50, s51, s52, s53, s54, s6, s7, s8, s9},
{'a', 'b', 'c', 'd', 'x', 'y', 'z'},
{
s0 'a' -> s9,
s0 'b' -> s17,
s0 'c' -> s21,
s0 'x' -> s12,
s1 'a' -> s9,
s1 'b' -> s17,
s1 'c' -> s21,
s1 'x' -> s12,
s10 'a' -> s9,
s10 'b' -> s17,
s10 'c' -> s21,
s10 'c' -> s5,
s10 'x' -> s12,
s11 'x' -> s12,
s12 'a' -> s9,
s12 'b' -> s17,
s12 'c' -> s21,
s12 'x' -> s12,
s13 'b' -> s17,
s13 'c' -> s21,
s14 'a' -> s31,
s14 'a' -> s49,
s14 'b' -> s17,
s14 'b' -> s38,
s14 'c' -> s21,
s14 'd' -> s35,
s14 'x' -> s43,
s14 'y' -> s45,
s14 'z' -> s48,
s15 'a' -> s31,
s15 'a' -> s49,
s15 'b' -> s38,
s15 'd' -> s35,
s15 'x' -> s43,
s15 'y' -> s45,
s15 'z' -> s48,
s16 'b' -> s17,
s17 'a' -> s31,
s17 'a' -> s49,
s17 'b' -> s17,
s17 'b' -> s38,
s17 'c' -> s21,
s17 'd' -> s35,
s17 'x' -> s43,
s17 'y' -> s45,
s17 'z' -> s48,
s18 'c' -> s21,
s19 'a' -> s31,
s19 'a' -> s49,
s19 'b' -> s17,
s19 'b' -> s38,
s19 'c' -> s21,
s19 'd' -> s35,
s19 'x' -> s43,
s19 'y' -> s45,
s19 'z' -> s48,
s2 'a' -> s9,
s2 'b' -> s17,
s2 'c' -> s21,
s2 'x' -> s12,
s20 'c' -> s21,
s21 'c' -> s21,
s21 'd' -> s19,
s22 'd' -> s19,
s23 'a' -> s31,
s23 'a' -> s49,
s23 'b' -> s38,
s23 'd' -> s35,
s23 'x' -> s43,
s23 'y' -> s45,
s23 'z' -> s48,
s24 'a' -> s31,
s24 'a' -> s49,
s24 'b' -> s38,
s24 'd' -> s35,
s24 'x' -> s43,
s24 'y' -> s45,
s24 'z' -> s48,
s26 'a' -> s31,
s26 'a' -> s49,
s26 'b' -> s38,
s26 'd' -> s35,
s26 'x' -> s43,
s26 'y' -> s45,
s26 'z' -> s48,
s27 'a' -> s31,
s27 'a' -> s49,
s27 'b' -> s38,
s27 'd' -> s35,
s27 'x' -> s43,
s27 'y' -> s45,
s27 'z' -> s48,
s28 'a' -> s31,
s28 'a' -> s49,
s28 'b' -> s38,
s28 'd' -> s35,
s28 'x' -> s43,
s28 'y' -> s45,
s28 'z' -> s48,
s29 'a' -> s31,
s29 'a' -> s49,
s29 'b' -> s38,
s29 'd' -> s35,
s29 'x' -> s43,
s29 'y' -> s45,
s29 'z' -> s48,
s3 'b' -> s17,
s3 'c' -> s21,
s30 'a' -> s31,
s30 'b' -> s38,
s30 'd' -> s35,
s31 'a' -> s31,
s31 'a' -> s49,
s31 'b' -> s38,
s31 'd' -> s35,
s31 'x' -> s43,
s31 'y' -> s45,
s31 'z' -> s48,
s32 'a' -> s31,
s32 'b' -> s38,
s33 'a' -> s31,
s34 'd' -> s35,
s35 'a' -> s31,
s36 'a' -> s31,
s37 'b' -> s38,
s38 'a' -> s31,
s38 'b' -> s38,
s39 'a' -> s31,
s39 'a' -> s49,
s39 'b' -> s38,
s39 'd' -> s35,
s39 'x' -> s43,
s39 'y' -> s45,
s39 'z' -> s48,
s4 'a' -> s9,
s40 'a' -> s31,
s40 'a' -> s49,
s40 'b' -> s38,
s40 'd' -> s35,
s40 'x' -> s43,
s40 'y' -> s45,
s40 'z' -> s48,
s41 'a' -> s49,
s42 'a' -> s31,
s42 'a' -> s49,
s42 'b' -> s38,
s42 'd' -> s35,
s42 'x' -> s43,
s42 'y' -> s45,
s42 'z' -> s48,
s43 'a' -> s31,
s43 'a' -> s49,
s43 'b' -> s38,
s43 'd' -> s35,
s43 'x' -> s43,
s43 'y' -> s45,
s43 'z' -> s48,
s44 'y' -> s45,
s45 'a' -> s31,
s45 'a' -> s49,
s45 'b' -> s38,
s45 'd' -> s35,
s45 'x' -> s43,
s45 'y' -> s45,
s45 'z' -> s48,
s46 'a' -> s31,
s46 'a' -> s49,
s46 'b' -> s38,
s46 'd' -> s35,
s46 'x' -> s43,
s46 'y' -> s45,
s46 'z' -> s48,
s47 'z' -> s48,
s48 'a' -> s31,
s48 'a' -> s49,
s48 'b' -> s38,
s48 'd' -> s35,
s48 'x' -> s43,
s48 'y' -> s45,
s48 'z' -> s48,
s49 'a' -> s31,
s49 'a' -> s49,
s49 'b' -> s38,
s49 'd' -> s35,
s49 'x' -> s43,
s49 'x' -> s51,
s49 'y' -> s45,
s49 'y' -> s54,
s49 'z' -> s48,
s5 'a' -> s9,
s5 'b' -> s17,
s5 'c' -> s21,
s5 'x' -> s12,
s50 'x' -> s51,
s51 'a' -> s31,
s51 'a' -> s49,
s51 'b' -> s38,
s51 'd' -> s35,
s51 'x' -> s43,
s51 'x' -> s51,
s51 'y' -> s45,
s51 'y' -> s54,
s51 'z' -> s48,
s52 'a' -> s31,
s52 'a' -> s49,
s52 'b' -> s38,
s52 'd' -> s35,
s52 'x' -> s43,
s52 'y' -> s45,
s52 'y' -> s54,
s52 'z' -> s48,
s53 'y' -> s54,
s54 'a' -> s31,
s54 'a' -> s49,
s54 'b' -> s38,
s54 'd' -> s35,
s54 'x' -> s43,
s54 'y' -> s45,
s54 'y' -> s54,
s54 'z' -> s48,
s6 'a' -> s9,
s6 'b' -> s17,
s6 'c' -> s21,
s6 'x' -> s12,
s7 'a' -> s9,
s7 'b' -> s17,
s7 'c' -> s21,
s7 'x' -> s12,
s8 'a' -> s9,
s9 'a' -> s9,
s9 'b' -> s17,
s9 'c' -> s21,
s9 'c' -> s5,
s9 'x' -> s12
},
s0,
{s14, s15, s17, s19, s23, s24, s25, s26, s27, s28, s29, s31, s39, s40, s42, s43, s45, s46, s48, s49, s51, s52, s54}
)