xax<b>aa</b>x<b>aa</b>ax<b>aa</b><b>aa</b>xa
a
xbx<i>bb</i>x<i>bb</i>bx<i>bb</i><i>bb</i>xb
b
x<u>c</u>x<u>d</u>x<u>c</u><u>d</u>x<u>d</u><u>c</u>x<u>c</u><u>d</u><u>c</u>x<u>c</u>
x<tt>f</tt>x<tt>ff</tt>x<tt>fff</tt>x<tt>ffff</tt>x<tt>f</tt>
<tt>f</tt>
x<font size=2>g</font>x<font size=2>gg</font>x<font size=2>ggg</font>x<font size=2>gggg</font>x<font size=2>g</font>
<font size=2>g</font>