<b>a</b><i>b</i><u>c</u><tt>d</tt><font size=1>e</font><font size=7>f</font><font color=#000000>g</font><font color=#FFFFFF>h</font>i