(
{f, q1, q2, s},
{'b', 'á', 'č'},
{
f 'á' -> f,
q1 'b' -> f,
q1 'b' -> q1,
q2 'č' -> f,
q2 'č' -> q2,
s 'b' -> f,
s 'b' -> q1,
s 'á' -> s,
s 'č' -> f,
s 'č' -> q2
},
s,
{f}
)