<tt>,./;'\[]<u>
</u><font size=3><i><b>a</b></i></font><font size=3><i><b>b</b></i></font><font size=3><i><b>c</b></i></font><font size=3><i><b>d</b></i></font><font size=3><i><b>e</b></i></font><font size=3><i><b>f</b></i></font><font size=3><i><b>g</b></i></font><font size=3><i><b>h</b></i></font><font size=3><i><b>i</b></i></font><font size=3><i><b>j</b></i></font><font size=3><i><b>k</b></i></font><font size=3><i><b>l</b></i></font><font size=3><i><b>m</b></i></font><font size=3><i><b>n</b></i></font><font size=3><i><b>o</b></i></font><font size=3><i><b>p</b></i></font><font size=3><i><b>q</b></i></font><font size=3><i><b>r</b></i></font><font size=3><i><b>s</b></i></font><font size=3><i><b>t</b></i></font><font size=3><i><b>u</b></i></font><font size=3><i><b>v</b></i></font><font size=3><i><b>w</b></i></font><font size=3><i><b>x</b></i></font><font size=3><i><b>y</b></i></font><font size=3><i><b>z</b></i></font><u>
</u><font size=4><i><b>A</b></i></font><font size=4><i><b>B</b></i></font><font size=4><i><b>C</b></i></font><font size=4><i><b>D</b></i></font><font size=4><i><b>E</b></i></font><font size=4><i><b>F</b></i></font><font size=4><i><b>G</b></i></font><font size=4><i><b>H</b></i></font><font size=4><i><b>I</b></i></font><font size=4><i><b>J</b></i></font><font size=4><i><b>K</b></i></font><font size=4><i><b>L</b></i></font><font size=4><i><b>M</b></i></font><font size=4><i><b>N</b></i></font><font size=4><i><b>O</b></i></font><font size=4><i><b>P</b></i></font><font size=4><i><b>Q</b></i></font><font size=4><i><b>R</b></i></font><font size=4><i><b>S</b></i></font><font size=4><i><b>T</b></i></font><font size=4><i><b>U</b></i></font><font size=4><i><b>V</b></i></font><font size=4><i><b>W</b></i></font><font size=4><i><b>X</b></i></font><font size=4><i><b>Y</b></i></font><font size=4><i><b>Z</b></i></font><u>
</u><font size=2><b>0</b></font><font size=2><b>1</b></font><font size=2><b>2</b></font><font size=2><b>3</b></font><font size=2><b>4</b></font><font size=2><b>5</b></font><font size=2><b>6</b></font><font size=2><b>7</b></font><font size=2><b>8</b></font><font size=2><b>9</b></font><font size=2><b>0</b></font><u>
</u><font size=3><i><b>a</b></i></font><font size=2><b>0</b></font>.<font size=3><i><b>b</b></i></font><font size=2><b>1</b></font>;<font size=3><i><b>c</b></i></font><font size=2><b>2</b></font>'<font size=3><i><b>d</b></i></font><font size=2><b>3</b></font>]<u>
</u><u> </u><u>	</u><u> </u><u>	</u><u>
</tt></u>