(
{s0, s1_s2, s1_s2_s3, s1_s2_s4, s2_s3, s2_s3_s4, s4},
{'a', 'b'},
{
s0 'a' -> s1_s2_s3,
s0 'b' -> s2_s3,
s1_s2 'a' -> s1_s2,
s1_s2 'b' -> s2_s3_s4,
s1_s2_s3 'a' -> s1_s2_s4,
s1_s2_s3 'b' -> s2_s3_s4,
s1_s2_s4 'a' -> s1_s2,
s1_s2_s4 'b' -> s2_s3_s4,
s2_s3 'a' -> s4,
s2_s3 'b' -> s2_s3_s4,
s2_s3_s4 'a' -> s4,
s2_s3_s4 'b' -> s2_s3_s4
},
s0,
{s1_s2, s1_s2_s3, s1_s2_s4}
)