<i>a</i><b> </b><b><i>b</i></b><b> </b><b><i>c</i></b><b> </b><b><i>d</i></b><b> </b><b><i>e</i></b><b> </b><b><i>f</i></b><b> </b><b><i>g</i></b><b> </b><b><i>h</i></b>