 <b><i><tt>a</tt></i></b> b c 
<b><i><tt>a</tt></i></b><b><i><tt>a</tt></i></b> bb cc
