 <b><i>a</i></b> <b><u><font size=5>b</font></u></b> <font color=#FF00FF><tt>c</tt></font> 
<b><i>a</i></b><b><i>a</i></b> <b><u><font size=5>b</font></u></b><b><u><font size=5>b</font></u></b> <font color=#FF00FF><tt>c</tt></font><font color=#FF00FF><tt>c</tt></font>
